vp a=0.6 s=1 exit 0
dp a=0.6 s=1 exit 0
vp a=0.6 s=2 exit 0
dp a=0.6 s=2 exit 0
vp a=0.6 s=3 exit 0
dp a=0.6 s=3 exit 0
vp a=0.4 s=1 exit 0
dp a=0.4 s=1 exit 0
vp a=0.4 s=2 exit 0
dp a=0.4 s=2 exit 0
vp a=0.4 s=3 exit 0
dp a=0.4 s=3 exit 0
vp a=0.2 s=1 exit 0
dp a=0.2 s=1 exit 0
vp a=0.2 s=2 exit 0
dp a=0.2 s=2 exit 0
vp a=0.2 s=3 exit 0
dp a=0.2 s=3 exit 0
vp a=0.0 s=1 exit 0
dp a=0.0 s=1 exit 0
vp a=0.0 s=2 exit 0
dp a=0.0 s=2 exit 0
vp a=0.0 s=3 exit 0
dp a=0.0 s=3 exit 0
Traceback (most recent call last):
  File "<stdin>", line 10, in <module>
KeyError: 'money_mean'
PROBE_ALL_DONE
