device=mps
slice=250000 ties=6550 mean|m|=14.02
alpha=0.6 step 100/1500 loss=1.8243 (5.3 st/s)
alpha=0.6 step 200/1500 loss=1.6016 (5.3 st/s)
alpha=0.6 step 300/1500 loss=1.6437 (5.3 st/s)
alpha=0.6 step 400/1500 loss=1.5207 (5.3 st/s)
alpha=0.6 step 500/1500 loss=1.5485 (5.3 st/s)
alpha=0.6 step 600/1500 loss=1.4679 (5.3 st/s)
alpha=0.6 step 700/1500 loss=1.4261 (5.3 st/s)
alpha=0.6 step 800/1500 loss=1.3779 (5.3 st/s)
alpha=0.6 step 900/1500 loss=1.3126 (5.3 st/s)
alpha=0.6 step 1000/1500 loss=1.3116 (5.3 st/s)
alpha=0.6 step 1100/1500 loss=1.2704 (5.3 st/s)
alpha=0.6 step 1200/1500 loss=1.2841 (5.3 st/s)
alpha=0.6 step 1300/1500 loss=1.2568 (5.3 st/s)
alpha=0.6 step 1400/1500 loss=1.2480 (5.3 st/s)
alpha=0.6 step 1500/1500 loss=1.2764 (5.3 st/s)
ARM DONE alpha=0.6: val_ce=1.3749 val_mse=0.3791
alpha=0.4 step 100/1500 loss=1.6764 (5.3 st/s)
alpha=0.4 step 200/1500 loss=1.5802 (5.3 st/s)
alpha=0.4 step 300/1500 loss=1.5905 (5.3 st/s)
alpha=0.4 step 400/1500 loss=1.4749 (5.3 st/s)
alpha=0.4 step 500/1500 loss=1.5040 (5.3 st/s)
alpha=0.4 step 600/1500 loss=1.4321 (5.3 st/s)
alpha=0.4 step 700/1500 loss=1.3930 (5.3 st/s)
alpha=0.4 step 800/1500 loss=1.3768 (5.3 st/s)
alpha=0.4 step 900/1500 loss=1.3263 (5.3 st/s)
alpha=0.4 step 1000/1500 loss=1.3075 (5.3 st/s)
alpha=0.4 step 1100/1500 loss=1.2868 (5.3 st/s)
alpha=0.4 step 1200/1500 loss=1.2797 (5.3 st/s)
alpha=0.4 step 1300/1500 loss=1.2561 (5.3 st/s)
alpha=0.4 step 1400/1500 loss=1.2658 (5.3 st/s)
alpha=0.4 step 1500/1500 loss=1.2644 (5.3 st/s)
ARM DONE alpha=0.4: val_ce=1.3744 val_mse=0.4126
alpha=0.2 step 100/1500 loss=1.7039 (5.4 st/s)
alpha=0.2 step 200/1500 loss=1.5443 (5.3 st/s)
alpha=0.2 step 300/1500 loss=1.5848 (5.3 st/s)
alpha=0.2 step 400/1500 loss=1.4627 (5.3 st/s)
alpha=0.2 step 500/1500 loss=1.4999 (5.3 st/s)
alpha=0.2 step 600/1500 loss=1.4278 (5.3 st/s)
alpha=0.2 step 700/1500 loss=1.4026 (5.3 st/s)
alpha=0.2 step 800/1500 loss=1.3788 (5.3 st/s)
alpha=0.2 step 900/1500 loss=1.3116 (5.3 st/s)
alpha=0.2 step 1000/1500 loss=1.3074 (5.3 st/s)
alpha=0.2 step 1100/1500 loss=1.2706 (5.3 st/s)
alpha=0.2 step 1200/1500 loss=1.2822 (5.3 st/s)
alpha=0.2 step 1300/1500 loss=1.2408 (5.3 st/s)
alpha=0.2 step 1400/1500 loss=1.2444 (5.3 st/s)
alpha=0.2 step 1500/1500 loss=1.2640 (5.3 st/s)
ARM DONE alpha=0.2: val_ce=1.3727 val_mse=0.2300
alpha=0.0 step 100/1500 loss=1.6277 (5.2 st/s)
alpha=0.0 step 200/1500 loss=1.5368 (5.2 st/s)
alpha=0.0 step 300/1500 loss=1.5526 (5.2 st/s)
alpha=0.0 step 400/1500 loss=1.4602 (5.2 st/s)
alpha=0.0 step 500/1500 loss=1.4858 (5.2 st/s)
alpha=0.0 step 600/1500 loss=1.4216 (5.2 st/s)
alpha=0.0 step 700/1500 loss=1.4016 (5.2 st/s)
alpha=0.0 step 800/1500 loss=1.3624 (5.2 st/s)
alpha=0.0 step 900/1500 loss=1.3229 (5.2 st/s)
alpha=0.0 step 1000/1500 loss=1.3051 (5.2 st/s)
alpha=0.0 step 1100/1500 loss=1.2824 (5.2 st/s)
alpha=0.0 step 1200/1500 loss=1.2917 (5.2 st/s)
alpha=0.0 step 1300/1500 loss=1.2698 (5.2 st/s)
alpha=0.0 step 1400/1500 loss=1.2489 (5.2 st/s)
alpha=0.0 step 1500/1500 loss=1.2774 (5.3 st/s)
ARM DONE alpha=0.0: val_ce=1.3702 val_mse=0.3422
SWEEP COMPLETE
