{"action_size": 357, "device": "mps", "obs_size": 1788, "parameters": 485414}
gen 1 selfplay 0/128 games, 0 games/hr
gen 1 selfplay 1/128 games, 30 games/hr
gen 1 selfplay 12/128 games, 240 games/hr
gen 1 selfplay 29/128 games, 435 games/hr
gen 1 selfplay 41/128 games, 493 games/hr
gen 1 selfplay 57/128 games, 570 games/hr
gen 1 selfplay 73/128 games, 626 games/hr
gen 1 selfplay 88/128 games, 660 games/hr
gen 1 selfplay 97/128 games, 646 games/hr
gen 1 selfplay 113/128 games, 677 games/hr
gen 1 selfplay 122/128 games, 665 games/hr
{"aggregate_games_per_hour": 677.5229813669154, "anchor_policy_loss": NaN, "anchor_value_loss": NaN, "checkpoint": "bench/regime_ab/arm_off/gen_0001.pt", "deep_games": 0, "deep_positions": 0, "entropy": 1.2188538080453872, "eval_end_piles": 0, "eval_end_province": 0, "eval_end_trunc": 0, "eval_games": 0, "eval_games_per_hour": 0.0, "eval_losses": 0, "eval_opponent": "engine3", "eval_ties": 0, "eval_truncated": 0, "eval_win_pct_excl_ties": 0.0, "eval_wins": 0, "games": 128, "games_per_hour": 340.57905259020015, "generation": 1, "inference_pct": 98.13859273492749, "kingdom_phase": "base:random", "league_games": 0, "leaves_per_sec": 2591.14435316472, "lr": 0.0002, "mean_cards_trashed_per_game": 9.921875, "nn_evals_per_sec": 2640.290920171849, "opening_lambda": 0.0, "opening_p_unconstrained": 1.0, "opening_template_games_t0": 256, "opening_template_games_t1": 0, "opening_template_games_t2": 0, "opening_template_games_t3": 0, "opening_template_games_t4": 0, "opening_template_games_t5": 0, "opening_template_games_t6": 0, "opening_template_vs_unconstrained_games_t1": 0, "opening_template_vs_unconstrained_games_t2": 0, "opening_template_vs_unconstrained_games_t3": 0, "opening_template_vs_unconstrained_games_t4": 0, "opening_template_vs_unconstrained_games_t5": 0, "opening_template_vs_unconstrained_games_t6": 0, "opening_template_win_rate_vs_unconstrained_t1": 0.0, "opening_template_win_rate_vs_unconstrained_t2": 0.0, "opening_template_win_rate_vs_unconstrained_t3": 0.0, "opening_template_win_rate_vs_unconstrained_t4": 0.0, "opening_template_win_rate_vs_unconstrained_t5": 0.0, "opening_template_win_rate_vs_unconstrained_t6": 0.0, "opening_templates_enabled": false, "plumbing_pct": 1.8433606280986596, "policy_loss": 1.2210686933994293, "positions": 21123, "routed_fast_path_batches": 0, "routed_split_batches": 0, "scripted_games": 0, "scripted_wins": 0, "server_batch_wait_p50_ms": 0.0, "server_batch_wait_p99_ms": 0.0, "server_evals_per_sec": 0.0, "server_mean_batch_size": 0.0, "unconstrained_buys_chapel": 0, "unconstrained_buys_moneylender": 0, "unconstrained_buys_sentry": 0, "unconstrained_buys_village": 0, "value_loss": 0.46064328625798223, "wall_time": 691.5115919997916, "workers": 2}
gen 2 selfplay 15/128 games, 846 games/hr
gen 2 selfplay 31/128 games, 899 games/hr
gen 2 selfplay 46/128 games, 899 games/hr
gen 2 selfplay 58/128 games, 855 games/hr
gen 2 selfplay 70/128 games, 827 games/hr
gen 2 selfplay 80/128 games, 790 games/hr
gen 2 selfplay 96/128 games, 814 games/hr
gen 2 selfplay 113/128 games, 839 games/hr
gen 2 selfplay 121/128 games, 799 games/hr
{"aggregate_games_per_hour": 768.4810256286154, "anchor_policy_loss": NaN, "anchor_value_loss": NaN, "checkpoint": "bench/regime_ab/arm_off/gen_0002.pt", "deep_games": 0, "deep_positions": 0, "entropy": 1.250536036491394, "games": 128, "games_per_hour": 397.571669786855, "generation": 2, "inference_pct": 98.08618852132764, "kingdom_phase": "base:random", "league_games": 0, "leaves_per_sec": 2584.685209058056, "lr": 0.00016250000000000002, "mean_cards_trashed_per_game": 12.9765625, "nn_evals_per_sec": 2635.1163685966326, "opening_lambda": 0.0, "opening_p_unconstrained": 1.0, "opening_template_games_t0": 256, "opening_template_games_t1": 0, "opening_template_games_t2": 0, "opening_template_games_t3": 0, "opening_template_games_t4": 0, "opening_template_games_t5": 0, "opening_template_games_t6": 0, "opening_template_vs_unconstrained_games_t1": 0, "opening_template_vs_unconstrained_games_t2": 0, "opening_template_vs_unconstrained_games_t3": 0, "opening_template_vs_unconstrained_games_t4": 0, "opening_template_vs_unconstrained_games_t5": 0, "opening_template_vs_unconstrained_games_t6": 0, "opening_template_win_rate_vs_unconstrained_t1": 0.0, "opening_template_win_rate_vs_unconstrained_t2": 0.0, "opening_template_win_rate_vs_unconstrained_t3": 0.0, "opening_template_win_rate_vs_unconstrained_t4": 0.0, "opening_template_win_rate_vs_unconstrained_t5": 0.0, "opening_template_win_rate_vs_unconstrained_t6": 0.0, "opening_templates_enabled": false, "plumbing_pct": 1.8959597682670226, "policy_loss": 1.2528023165464401, "positions": 23565, "routed_fast_path_batches": 0, "routed_split_batches": 0, "scripted_games": 0, "scripted_wins": 0, "server_batch_wait_p50_ms": 0.0, "server_batch_wait_p99_ms": 0.0, "server_evals_per_sec": 0.0, "server_mean_batch_size": 0.0, "unconstrained_buys_chapel": 0, "unconstrained_buys_moneylender": 0, "unconstrained_buys_sentry": 0, "unconstrained_buys_village": 0, "value_loss": 0.2651729681715369, "wall_time": 610.5035307919607, "workers": 2}
gen 3 selfplay 12/128 games, 717 games/hr
gen 3 selfplay 24/128 games, 721 games/hr
gen 3 selfplay 32/128 games, 641 games/hr
gen 3 selfplay 46/128 games, 690 games/hr
gen 3 selfplay 57/128 games, 683 games/hr
gen 3 selfplay 65/128 games, 649 games/hr
gen 3 selfplay 70/128 games, 598 games/hr
gen 3 selfplay 79/128 games, 591 games/hr
gen 3 selfplay 84/128 games, 560 games/hr
gen 3 selfplay 91/128 games, 545 games/hr
gen 3 selfplay 98/128 games, 533 games/hr
gen 3 selfplay 104/128 games, 519 games/hr
gen 3 selfplay 112/128 games, 516 games/hr
gen 3 selfplay 122/128 games, 522 games/hr
gen 3 selfplay 124/128 games, 495 games/hr
{"aggregate_games_per_hour": 486.68930553249413, "anchor_policy_loss": NaN, "anchor_value_loss": NaN, "checkpoint": "bench/regime_ab/arm_off/gen_0003.pt", "deep_games": 0, "deep_positions": 0, "entropy": 1.2659877038002014, "games": 128, "games_per_hour": 253.58930594723867, "generation": 3, "inference_pct": 98.29432522829043, "kingdom_phase": "base:random", "league_games": 0, "leaves_per_sec": 1777.150334004555, "lr": 8.750000000000001e-05, "mean_cards_trashed_per_game": 13.2890625, "nn_evals_per_sec": 1807.9887418496332, "opening_lambda": 0.0, "opening_p_unconstrained": 1.0, "opening_template_games_t0": 256, "opening_template_games_t1": 0, "opening_template_games_t2": 0, "opening_template_games_t3": 0, "opening_template_games_t4": 0, "opening_template_games_t5": 0, "opening_template_games_t6": 0, "opening_template_vs_unconstrained_games_t1": 0, "opening_template_vs_unconstrained_games_t2": 0, "opening_template_vs_unconstrained_games_t3": 0, "opening_template_vs_unconstrained_games_t4": 0, "opening_template_vs_unconstrained_games_t5": 0, "opening_template_vs_unconstrained_games_t6": 0, "opening_template_win_rate_vs_unconstrained_t1": 0.0, "opening_template_win_rate_vs_unconstrained_t2": 0.0, "opening_template_win_rate_vs_unconstrained_t3": 0.0, "opening_template_win_rate_vs_unconstrained_t4": 0.0, "opening_template_win_rate_vs_unconstrained_t5": 0.0, "opening_template_win_rate_vs_unconstrained_t6": 0.0, "opening_templates_enabled": false, "plumbing_pct": 1.6849751599470721, "policy_loss": 1.266314617395401, "positions": 25432, "routed_fast_path_batches": 0, "routed_split_batches": 0, "scripted_games": 0, "scripted_wins": 0, "server_batch_wait_p50_ms": 0.0, "server_batch_wait_p99_ms": 0.0, "server_evals_per_sec": 0.0, "server_mean_batch_size": 0.0, "unconstrained_buys_chapel": 0, "unconstrained_buys_moneylender": 0, "unconstrained_buys_sentry": 0, "unconstrained_buys_village": 0, "value_loss": 0.19122384060174227, "wall_time": 960.6376087917015, "workers": 2}
gen 4 selfplay 10/128 games, 585 games/hr
gen 4 selfplay 22/128 games, 653 games/hr
gen 4 selfplay 30/128 games, 596 games/hr
gen 4 selfplay 35/128 games, 522 games/hr
gen 4 selfplay 43/128 games, 514 games/hr
gen 4 selfplay 55/128 games, 548 games/hr
gen 4 selfplay 60/128 games, 513 games/hr
gen 4 selfplay 70/128 games, 523 games/hr
gen 4 selfplay 77/128 games, 512 games/hr
gen 4 selfplay 81/128 games, 485 games/hr
gen 4 selfplay 88/128 games, 479 games/hr
gen 4 selfplay 100/128 games, 499 games/hr
gen 4 selfplay 108/128 games, 497 games/hr
gen 4 selfplay 115/128 games, 491 games/hr
gen 4 selfplay 126/128 games, 503 games/hr
{"aggregate_games_per_hour": 502.08546141805977, "anchor_policy_loss": NaN, "anchor_value_loss": NaN, "checkpoint": "bench/regime_ab/arm_off/gen_0004.pt", "deep_games": 0, "deep_positions": 0, "entropy": 1.280663178563118, "games": 128, "games_per_hour": 251.31217209222496, "generation": 4, "inference_pct": 98.38266878422729, "kingdom_phase": "base:random", "league_games": 0, "leaves_per_sec": 1527.087942377901, "lr": 5e-05, "mean_cards_trashed_per_game": 12.046875, "nn_evals_per_sec": 1552.192028584941, "opening_lambda": 0.0, "opening_p_unconstrained": 1.0, "opening_template_games_t0": 256, "opening_template_games_t1": 0, "opening_template_games_t2": 0, "opening_template_games_t3": 0, "opening_template_games_t4": 0, "opening_template_games_t5": 0, "opening_template_games_t6": 0, "opening_template_vs_unconstrained_games_t1": 0, "opening_template_vs_unconstrained_games_t2": 0, "opening_template_vs_unconstrained_games_t3": 0, "opening_template_vs_unconstrained_games_t4": 0, "opening_template_vs_unconstrained_games_t5": 0, "opening_template_vs_unconstrained_games_t6": 0, "opening_template_win_rate_vs_unconstrained_t1": 0.0, "opening_template_win_rate_vs_unconstrained_t2": 0.0, "opening_template_win_rate_vs_unconstrained_t3": 0.0, "opening_template_win_rate_vs_unconstrained_t4": 0.0, "opening_template_win_rate_vs_unconstrained_t5": 0.0, "opening_template_win_rate_vs_unconstrained_t6": 0.0, "opening_templates_enabled": false, "plumbing_pct": 1.5952518911473657, "policy_loss": 1.27946717441082, "positions": 23549, "routed_fast_path_batches": 0, "routed_split_batches": 0, "scripted_games": 0, "scripted_wins": 0, "server_batch_wait_p50_ms": 0.0, "server_batch_wait_p99_ms": 0.0, "server_evals_per_sec": 0.0, "server_mean_batch_size": 0.0, "unconstrained_buys_chapel": 0, "unconstrained_buys_moneylender": 0, "unconstrained_buys_sentry": 0, "unconstrained_buys_village": 0, "value_loss": 0.21793075636029244, "wall_time": 932.4013501247391, "workers": 2}
