gen5:sentry done (6/24 wins)
gen5:random done (6/24 wins)
legacy checkpoint checkpoints/remote/campaign15/gen_0045.pt (encoder generation 1) served via compatibility shim on generation 2 engine
legacy checkpoint checkpoints/remote/campaign15/gen_0045.pt (encoder generation 1) served via compatibility shim on generation 2 engine
legacy checkpoint checkpoints/remote/campaign15/gen_0045.pt (encoder generation 1) served via compatibility shim on generation 2 engine
legacy checkpoint checkpoints/remote/campaign15/gen_0045.pt (encoder generation 1) served via compatibility shim on generation 2 engine
legacy checkpoint checkpoints/remote/campaign15/gen_0045.pt (encoder generation 1) served via compatibility shim on generation 2 engine
legacy checkpoint checkpoints/remote/campaign15/gen_0045.pt (encoder generation 1) served via compatibility shim on generation 2 engine
legacy checkpoint checkpoints/remote/campaign15/gen_0045.pt (encoder generation 1) served via compatibility shim on generation 2 engine
legacy checkpoint checkpoints/remote/campaign15/gen_0045.pt (encoder generation 1) served via compatibility shim on generation 2 engine
legacy checkpoint checkpoints/remote/campaign15/gen_0045.pt (encoder generation 1) served via compatibility shim on generation 2 engine
legacy checkpoint checkpoints/remote/campaign15/gen_0045.pt (encoder generation 1) served via compatibility shim on generation 2 engine
legacy checkpoint checkpoints/remote/campaign15/gen_0045.pt (encoder generation 1) served via compatibility shim on generation 2 engine
legacy checkpoint checkpoints/remote/campaign15/gen_0045.pt (encoder generation 1) served via compatibility shim on generation 2 engine
legacy checkpoint checkpoints/remote/campaign15/gen_0045.pt (encoder generation 1) served via compatibility shim on generation 2 engine
legacy checkpoint checkpoints/remote/campaign15/gen_0045.pt (encoder generation 1) served via compatibility shim on generation 2 engine
legacy checkpoint checkpoints/remote/campaign15/gen_0045.pt (encoder generation 1) served via compatibility shim on generation 2 engine
legacy checkpoint checkpoints/remote/campaign15/gen_0045.pt (encoder generation 1) served via compatibility shim on generation 2 engine
legacy checkpoint checkpoints/remote/campaign15/gen_0045.pt (encoder generation 1) served via compatibility shim on generation 2 engine
legacy checkpoint checkpoints/remote/campaign15/gen_0045.pt (encoder generation 1) served via compatibility shim on generation 2 engine
legacy checkpoint checkpoints/remote/campaign15/gen_0045.pt (encoder generation 1) served via compatibility shim on generation 2 engine
legacy checkpoint checkpoints/remote/campaign15/gen_0045.pt (encoder generation 1) served via compatibility shim on generation 2 engine
legacy checkpoint checkpoints/remote/campaign15/gen_0045.pt (encoder generation 1) served via compatibility shim on generation 2 engine
legacy checkpoint checkpoints/remote/campaign15/gen_0045.pt (encoder generation 1) served via compatibility shim on generation 2 engine
legacy checkpoint checkpoints/remote/campaign15/gen_0045.pt (encoder generation 1) served via compatibility shim on generation 2 engine
legacy checkpoint checkpoints/remote/campaign15/gen_0045.pt (encoder generation 1) served via compatibility shim on generation 2 engine
champ:sentry done (5/24 wins)
legacy checkpoint checkpoints/remote/campaign15/gen_0045.pt (encoder generation 1) served via compatibility shim on generation 2 engine
legacy checkpoint checkpoints/remote/campaign15/gen_0045.pt (encoder generation 1) served via compatibility shim on generation 2 engine
legacy checkpoint checkpoints/remote/campaign15/gen_0045.pt (encoder generation 1) served via compatibility shim on generation 2 engine
legacy checkpoint checkpoints/remote/campaign15/gen_0045.pt (encoder generation 1) served via compatibility shim on generation 2 engine
legacy checkpoint checkpoints/remote/campaign15/gen_0045.pt (encoder generation 1) served via compatibility shim on generation 2 engine
legacy checkpoint checkpoints/remote/campaign15/gen_0045.pt (encoder generation 1) served via compatibility shim on generation 2 engine
legacy checkpoint checkpoints/remote/campaign15/gen_0045.pt (encoder generation 1) served via compatibility shim on generation 2 engine
legacy checkpoint checkpoints/remote/campaign15/gen_0045.pt (encoder generation 1) served via compatibility shim on generation 2 engine
legacy checkpoint checkpoints/remote/campaign15/gen_0045.pt (encoder generation 1) served via compatibility shim on generation 2 engine
legacy checkpoint checkpoints/remote/campaign15/gen_0045.pt (encoder generation 1) served via compatibility shim on generation 2 engine
legacy checkpoint checkpoints/remote/campaign15/gen_0045.pt (encoder generation 1) served via compatibility shim on generation 2 engine
legacy checkpoint checkpoints/remote/campaign15/gen_0045.pt (encoder generation 1) served via compatibility shim on generation 2 engine
legacy checkpoint checkpoints/remote/campaign15/gen_0045.pt (encoder generation 1) served via compatibility shim on generation 2 engine
legacy checkpoint checkpoints/remote/campaign15/gen_0045.pt (encoder generation 1) served via compatibility shim on generation 2 engine
legacy checkpoint checkpoints/remote/campaign15/gen_0045.pt (encoder generation 1) served via compatibility shim on generation 2 engine
legacy checkpoint checkpoints/remote/campaign15/gen_0045.pt (encoder generation 1) served via compatibility shim on generation 2 engine
legacy checkpoint checkpoints/remote/campaign15/gen_0045.pt (encoder generation 1) served via compatibility shim on generation 2 engine
legacy checkpoint checkpoints/remote/campaign15/gen_0045.pt (encoder generation 1) served via compatibility shim on generation 2 engine
legacy checkpoint checkpoints/remote/campaign15/gen_0045.pt (encoder generation 1) served via compatibility shim on generation 2 engine
legacy checkpoint checkpoints/remote/campaign15/gen_0045.pt (encoder generation 1) served via compatibility shim on generation 2 engine
legacy checkpoint checkpoints/remote/campaign15/gen_0045.pt (encoder generation 1) served via compatibility shim on generation 2 engine
legacy checkpoint checkpoints/remote/campaign15/gen_0045.pt (encoder generation 1) served via compatibility shim on generation 2 engine
legacy checkpoint checkpoints/remote/campaign15/gen_0045.pt (encoder generation 1) served via compatibility shim on generation 2 engine
legacy checkpoint checkpoints/remote/campaign15/gen_0045.pt (encoder generation 1) served via compatibility shim on generation 2 engine
champ:random done (10/24 wins)
== gen5:sentry (6/24 wins) buys/game: {'Silver': 2.71, 'Gold': 2.71, 'Province': 2.71, 'Laboratory': 2.17, 'Duchy': 2.04, 'Sentry': 1.96, 'Village': 1.79, 'Witch': 1.46, 'Smithy': 0.58, 'Poacher': 0.54, 'Merchant': 0.5, 'Estate': 0.5, 'Moneylender': 0.46, 'Festival': 0.42}
== gen5:random (6/24 wins) buys/game: {'Gold': 4.0, 'Silver': 3.33, 'Province': 2.79, 'Duchy': 2.5, 'Laboratory': 1.38, 'Witch': 0.79, 'Village': 0.75, 'Estate': 0.62, 'Militia': 0.62, 'Gardens': 0.58, 'Sentry': 0.54, 'Merchant': 0.54, 'Bureaucrat': 0.46, 'Bandit': 0.42}
== champ:sentry (5/24 wins) buys/game: {'Silver': 6.54, 'Duchy': 4.54, 'Estate': 4.04, 'Gold': 3.12, 'Province': 2.71, 'Witch': 1.96, 'Poacher': 0.79, 'Festival': 0.21, 'Merchant': 0.04, 'Village': 0.04}
== champ:random (10/24 wins) buys/game: {'Silver': 5.25, 'Gold': 3.62, 'Duchy': 3.38, 'Province': 2.79, 'Estate': 2.54, 'Gardens': 1.08, 'Militia': 1.0, 'Witch': 0.96, 'Market': 0.33, 'Moat': 0.29, 'Poacher': 0.21, 'Bureaucrat': 0.17, 'Bandit': 0.12, 'Copper': 0.12}
